at sun.reflect.NativeConstructorAccessorImpl.newInstance0(Native Method)
	at sun.reflect.NativeConstructorAccessorImpl.newInstance(NativeConstructorAccessorImpl.java:57)
	at sun.reflect.DelegatingConstructorAccessorImpl.newInstance(DelegatingConstructorAccessorImpl.java:45)
	at java.lang.reflect.Constructor.newInstance(Constructor.java:526)
	at org.apache.hadoop.net.NetUtils.wrapWithMessage(NetUtils.java:791)
	at org.apache.hadoop.ipc.Client.call(Client.java:1473)
	at org.apache.hadoop.ipc.Client.call(Client.java:1400)
	at org.apache.hadoop.ipc.ProtobufRpcEngine$Invoker.invoke(ProtobufRpcEngine.java:232)
	at com.sun.proxy.$Proxy9.renewLease(Unknown Source)
	at org.apache.hadoop.hdfs.protocolPB.ClientNamenodeProtocolTranslatorPB.renewLease(ClientNamenodeProtocolTranslatorPB.java:581)
	at org.apache.hadoop.hdfs.DFSClient.renewLease(DFSClient.java:825)
	at org.apache.hadoop.hdfs.LeaseRenewer.renew(LeaseRenewer.java:242)
	at org.apache.hadoop.hdfs.LeaseRenewer.run(LeaseRenewer.java:439)
	at org.apache.hadoop.hdfs.LeaseRenewer.access$700(LeaseRenewer.java:72)
	at org.apache.hadoop.hdfs.LeaseRenewer$1.run(LeaseRenewer.java:298)
	at java.lang.Thread.run(Thread.java:745)
Caused by: java.net.NoRouteToHostException: No Route to Host from  MININT-FNANLI5/127.0.0.1 to msra-sa-41:9000 failed on socket timeout exception: java.net.NoRouteToHostException: No route to host: no further information; For more details see:  http://wiki.apache.org/hadoop/NoRouteToHost
	at sun.reflect.NativeConstructorAccessorImpl.newInstance0(Native Method)
	at sun.reflect.NativeConstructorAccessorImpl.newInstance(NativeConstructorAccessorImpl.java:57)
	at sun.reflect.DelegatingConstructorAccessorImpl.newInstance(DelegatingConstructorAccessorImpl.java:45)
	at java.lang.reflect.Constructor.newInstance(Constructor.java:526)
	at org.apache.hadoop.net.NetUtils.wrapWithMessage(NetUtils.java:791)
2015-10-18 18:05:28,570 WARN [LeaseRenewer:msrabi@msra-sa-41:9000] org.apache.hadoop.hdfs.LeaseRenewer: Failed to renew lease for [DFSClient_NONMAPREDUCE_1537864556_1] for 30 seconds.  Will retry shortly ...
2015-10-18 18:05:29,100 INFO [main] org.apache.hadoop.mapreduce.v2.app.MRAppMaster: Executing with tokens
2015-10-18 18:05:29,200 INFO [main] org.apache.hadoop.mapreduce.v2.app.MRAppMaster: OutputCommitter set in config null
